#! /usr/bin/vvp
:ivl_version "12.0 (stable)";
:ivl_delay_selection "TYPICAL";
:vpi_time_precision + 0;
:vpi_module "/usr/lib/x86_64-linux-gnu/ivl/system.vpi";
:vpi_module "/usr/lib/x86_64-linux-gnu/ivl/vhdl_sys.vpi";
:vpi_module "/usr/lib/x86_64-linux-gnu/ivl/vhdl_textio.vpi";
:vpi_module "/usr/lib/x86_64-linux-gnu/ivl/v2005_math.vpi";
:vpi_module "/usr/lib/x86_64-linux-gnu/ivl/va_math.vpi";
S_0x5c51a8914680 .scope module, "tb" "tb" 2 1;
 .timescale 0 0;
v0x5c51a8914810_0 .var/s "a", 7 0;
v0x5c51a8935d90_0 .var/s "b", 7 0;
v0x5c51a8935e70_0 .var/s "p", 15 0;
    .scope S_0x5c51a8914680;
T_0 ;
    %pushi/vec4 127, 0, 8;
    %store/vec4 v0x5c51a8914810_0, 0, 8;
    %pushi/vec4 128, 0, 8;
    %store/vec4 v0x5c51a8935d90_0, 0, 8;
    %load/vec4 v0x5c51a8914810_0;
    %pad/s 16;
    %load/vec4 v0x5c51a8935d90_0;
    %pad/s 16;
    %mul;
    %store/vec4 v0x5c51a8935e70_0, 0, 16;
    %vpi_call 2 8 "$display", "a = %d, b = %d, p = %d", v0x5c51a8914810_0, v0x5c51a8935d90_0, v0x5c51a8935e70_0 {0 0 0};
    %end;
    .thread T_0;
# The file index is used to find the file name in the following table.
:file_names 3;
    "N/A";
    "<interactive>";
    "tb_mul.sv";
